Testing Hint Generation...
API Key present: true
Trying model: gemini-2.0-flash
node : FAILED with 
gemini-2.0-flash: 
[GoogleGenerativeAI 
Error]: Error 
fetching from https:/
/generativelanguage.g
oogleapis.com/v1beta/
models/gemini-2.0-fla
sh:generateContent: 
[429 Too Many 
Requests] You 
exceeded your 
current quota, 
please check your 
plan and billing 
details. For more 
information on this 
error, head to: https
://ai.google.dev/gemi
ni-api/docs/rate-limi
ts. To monitor your 
current usage, head 
to: https://ai.dev/ra
te-limit. 
At line:1 char:1
+ node 
scripts/testHint.js 
> test_output.txt 
2>&1
+ ~~~~~~~~~~~~~~~~~~~
~~~~~~~~~~~~~~~~~~~~~
~~~~~~~
    + CategoryInfo   
           : NotSpe  
  cified: (FAILED    
 with gem...ev/ra    
te-limit. :Strin    
g) [], RemoteExc    
eption
    + FullyQualified 
   ErrorId : Native  
  CommandError
 
* Quota exceeded for 
metric: generativelan
guage.googleapis.com/
generate_content_free
_tier_input_token_cou
nt, limit: 0, model: 
gemini-2.0-flash
* Quota exceeded for 
metric: generativelan
guage.googleapis.com/
generate_content_free
_tier_requests, 
limit: 0, model: 
gemini-2.0-flash
* Quota exceeded for 
metric: generativelan
guage.googleapis.com/
generate_content_free
_tier_requests, 
limit: 0, model: 
gemini-2.0-flash
Please retry in 
53.925183813s. [{"@ty
pe":"type.googleapis.
com/google.rpc.Help",
"links":[{"descriptio
n":"Learn more about 
Gemini API quotas","u
rl":"https://ai.googl
e.dev/gemini-api/docs
/rate-limits"}]},{"@t
ype":"type.googleapis
.com/google.rpc.Quota
Failure","violations"
:[{"quotaMetric":"gen
erativelanguage.googl
eapis.com/generate_co
ntent_free_tier_input
_token_count","quotaI
d":"GenerateContentIn
putTokensPerModelPerM
inute-FreeTier","quot
aDimensions":{"model"
:"gemini-2.0-flash","
location":"global"}},
{"quotaMetric":"gener
ativelanguage.googlea
pis.com/generate_cont
ent_free_tier_request
s","quotaId":"Generat
eRequestsPerMinutePer
ProjectPerModel-FreeT
ier","quotaDimensions
":{"model":"gemini-2.
0-flash","location":"
global"}},{"quotaMetr
ic":"generativelangua
ge.googleapis.com/gen
erate_content_free_ti
er_requests","quotaId
":"GenerateRequestsPe
rDayPerProjectPerMode
l-FreeTier","quotaDim
ensions":{"location":
"global","model":"gem
ini-2.0-flash"}}]},{"
@type":"type.googleap
is.com/google.rpc.Ret
ryInfo","retryDelay":
"53s"}]
Trying model: gemini-pro-latest
FAILED with 
gemini-pro-latest: 
[GoogleGenerativeAI 
Error]: Error 
fetching from https:/
/generativelanguage.g
oogleapis.com/v1beta/
models/gemini-pro-lat
est:generateContent: 
[429 Too Many 
Requests] You 
exceeded your 
current quota, 
please check your 
plan and billing 
details. For more 
information on this 
error, head to: https
://ai.google.dev/gemi
ni-api/docs/rate-limi
ts. To monitor your 
current usage, head 
to: https://ai.dev/ra
te-limit. 
* Quota exceeded for 
metric: generativelan
guage.googleapis.com/
generate_content_free
_tier_requests, 
limit: 0, model: 
gemini-3-pro
* Quota exceeded for 
metric: generativelan
guage.googleapis.com/
generate_content_free
_tier_requests, 
limit: 0, model: 
gemini-3-pro
* Quota exceeded for 
metric: generativelan
guage.googleapis.com/
generate_content_free
_tier_input_token_cou
nt, limit: 0, model: 
gemini-3-pro
* Quota exceeded for 
metric: generativelan
guage.googleapis.com/
generate_content_free
_tier_input_token_cou
nt, limit: 0, model: 
gemini-3-pro
Please retry in 
53.579922479s. [{"@ty
pe":"type.googleapis.
com/google.rpc.Help",
"links":[{"descriptio
n":"Learn more about 
Gemini API quotas","u
rl":"https://ai.googl
e.dev/gemini-api/docs
/rate-limits"}]},{"@t
ype":"type.googleapis
.com/google.rpc.Quota
Failure","violations"
:[{"quotaMetric":"gen
erativelanguage.googl
eapis.com/generate_co
ntent_free_tier_reque
sts","quotaId":"Gener
ateRequestsPerDayPerP
rojectPerModel-FreeTi
er","quotaDimensions"
:{"location":"global"
,"model":"gemini-3-pr
o"}},{"quotaMetric":"
generativelanguage.go
ogleapis.com/generate
_content_free_tier_re
quests","quotaId":"Ge
nerateRequestsPerMinu
tePerProjectPerModel-
FreeTier","quotaDimen
sions":{"location":"g
lobal","model":"gemin
i-3-pro"}},{"quotaMet
ric":"generativelangu
age.googleapis.com/ge
nerate_content_free_t
ier_input_token_count
","quotaId":"Generate
ContentInputTokensPer
ModelPerMinute-FreeTi
er","quotaDimensions"
:{"location":"global"
,"model":"gemini-3-pr
o"}},{"quotaMetric":"
generativelanguage.go
ogleapis.com/generate
_content_free_tier_in
put_token_count","quo
taId":"GenerateConten
tInputTokensPerModelP
erDay-FreeTier","quot
aDimensions":{"locati
on":"global","model":
"gemini-3-pro"}}]},{"
@type":"type.googleap
is.com/google.rpc.Ret
ryInfo","retryDelay":
"53s"}]
